[0.634s] Invoking command in '/home/user/ros2_ws/src/TechSimApiROS': PYTHONPATH=/home/user/ros2_ws/src/TechSimApiROS/build/computer_vision_functionality/prefix_override:/usr/lib/python3/dist-packages/colcon_core/task/python/colcon_distutils_commands:/home/user/ros2_ws/src/TechSimApiROS/install/computer_vision_functionality/lib/python3.10/site-packages:${PYTHONPATH} /usr/bin/python3 -W ignore:setup.py install is deprecated setup.py egg_info --egg-base build/computer_vision_functionality build --build-base /home/user/ros2_ws/src/TechSimApiROS/build/computer_vision_functionality/build install --record /home/user/ros2_ws/src/TechSimApiROS/build/computer_vision_functionality/install.log --single-version-externally-managed install_data
[0.848s] running egg_info
[0.849s] writing build/computer_vision_functionality/computer_vision_functionality.egg-info/PKG-INFO
[0.855s] writing dependency_links to build/computer_vision_functionality/computer_vision_functionality.egg-info/dependency_links.txt
[0.856s] writing entry points to build/computer_vision_functionality/computer_vision_functionality.egg-info/entry_points.txt
[0.856s] writing requirements to build/computer_vision_functionality/computer_vision_functionality.egg-info/requires.txt
[0.856s] writing top-level names to build/computer_vision_functionality/computer_vision_functionality.egg-info/top_level.txt
[0.858s] reading manifest file 'build/computer_vision_functionality/computer_vision_functionality.egg-info/SOURCES.txt'
[0.860s] writing manifest file 'build/computer_vision_functionality/computer_vision_functionality.egg-info/SOURCES.txt'
[0.860s] running build
[0.860s] running build_py
[0.860s] copying computer_vision_functionality/get_point_cloud_by_lidar_from_sim_node.py -> /home/user/ros2_ws/src/TechSimApiROS/build/computer_vision_functionality/build/lib/computer_vision_functionality
[0.861s] copying computer_vision_functionality/aruco_marker_recognizer.py -> /home/user/ros2_ws/src/TechSimApiROS/build/computer_vision_functionality/build/lib/computer_vision_functionality
[0.861s] copying computer_vision_functionality/get_image_from_sim_node.py -> /home/user/ros2_ws/src/TechSimApiROS/build/computer_vision_functionality/build/lib/computer_vision_functionality
[0.862s] copying computer_vision_functionality/agrotechsimapi/_version.py -> /home/user/ros2_ws/src/TechSimApiROS/build/computer_vision_functionality/build/lib/computer_vision_functionality/agrotechsimapi
[0.862s] copying computer_vision_functionality/agrotechsimapi/__init__.py -> /home/user/ros2_ws/src/TechSimApiROS/build/computer_vision_functionality/build/lib/computer_vision_functionality/agrotechsimapi
[0.862s] copying computer_vision_functionality/agrotechsimapi/signal_utils.py -> /home/user/ros2_ws/src/TechSimApiROS/build/computer_vision_functionality/build/lib/computer_vision_functionality/agrotechsimapi
[0.863s] copying computer_vision_functionality/agrotechsimapi/client.py -> /home/user/ros2_ws/src/TechSimApiROS/build/computer_vision_functionality/build/lib/computer_vision_functionality/agrotechsimapi
[0.863s] running install
[0.864s] running install_lib
[0.864s] copying /home/user/ros2_ws/src/TechSimApiROS/build/computer_vision_functionality/build/lib/computer_vision_functionality/get_point_cloud_by_lidar_from_sim_node.py -> /home/user/ros2_ws/src/TechSimApiROS/install/computer_vision_functionality/lib/python3.10/site-packages/computer_vision_functionality
[0.865s] copying /home/user/ros2_ws/src/TechSimApiROS/build/computer_vision_functionality/build/lib/computer_vision_functionality/aruco_marker_recognizer.py -> /home/user/ros2_ws/src/TechSimApiROS/install/computer_vision_functionality/lib/python3.10/site-packages/computer_vision_functionality
[0.865s] copying /home/user/ros2_ws/src/TechSimApiROS/build/computer_vision_functionality/build/lib/computer_vision_functionality/get_image_from_sim_node.py -> /home/user/ros2_ws/src/TechSimApiROS/install/computer_vision_functionality/lib/python3.10/site-packages/computer_vision_functionality
[0.865s] copying /home/user/ros2_ws/src/TechSimApiROS/build/computer_vision_functionality/build/lib/computer_vision_functionality/agrotechsimapi/_version.py -> /home/user/ros2_ws/src/TechSimApiROS/install/computer_vision_functionality/lib/python3.10/site-packages/computer_vision_functionality/agrotechsimapi
[0.865s] copying /home/user/ros2_ws/src/TechSimApiROS/build/computer_vision_functionality/build/lib/computer_vision_functionality/agrotechsimapi/__init__.py -> /home/user/ros2_ws/src/TechSimApiROS/install/computer_vision_functionality/lib/python3.10/site-packages/computer_vision_functionality/agrotechsimapi
[0.866s] copying /home/user/ros2_ws/src/TechSimApiROS/build/computer_vision_functionality/build/lib/computer_vision_functionality/agrotechsimapi/signal_utils.py -> /home/user/ros2_ws/src/TechSimApiROS/install/computer_vision_functionality/lib/python3.10/site-packages/computer_vision_functionality/agrotechsimapi
[0.866s] copying /home/user/ros2_ws/src/TechSimApiROS/build/computer_vision_functionality/build/lib/computer_vision_functionality/agrotechsimapi/client.py -> /home/user/ros2_ws/src/TechSimApiROS/install/computer_vision_functionality/lib/python3.10/site-packages/computer_vision_functionality/agrotechsimapi
[0.867s] byte-compiling /home/user/ros2_ws/src/TechSimApiROS/install/computer_vision_functionality/lib/python3.10/site-packages/computer_vision_functionality/get_point_cloud_by_lidar_from_sim_node.py to get_point_cloud_by_lidar_from_sim_node.cpython-310.pyc
[0.868s] byte-compiling /home/user/ros2_ws/src/TechSimApiROS/install/computer_vision_functionality/lib/python3.10/site-packages/computer_vision_functionality/aruco_marker_recognizer.py to aruco_marker_recognizer.cpython-310.pyc
[0.869s] byte-compiling /home/user/ros2_ws/src/TechSimApiROS/install/computer_vision_functionality/lib/python3.10/site-packages/computer_vision_functionality/get_image_from_sim_node.py to get_image_from_sim_node.cpython-310.pyc
[0.871s] byte-compiling /home/user/ros2_ws/src/TechSimApiROS/install/computer_vision_functionality/lib/python3.10/site-packages/computer_vision_functionality/agrotechsimapi/_version.py to _version.cpython-310.pyc
[0.871s] byte-compiling /home/user/ros2_ws/src/TechSimApiROS/install/computer_vision_functionality/lib/python3.10/site-packages/computer_vision_functionality/agrotechsimapi/__init__.py to __init__.cpython-310.pyc
[0.872s] byte-compiling /home/user/ros2_ws/src/TechSimApiROS/install/computer_vision_functionality/lib/python3.10/site-packages/computer_vision_functionality/agrotechsimapi/signal_utils.py to signal_utils.cpython-310.pyc
[0.872s] byte-compiling /home/user/ros2_ws/src/TechSimApiROS/install/computer_vision_functionality/lib/python3.10/site-packages/computer_vision_functionality/agrotechsimapi/client.py to client.cpython-310.pyc
[0.873s] running install_data
[0.873s] copying package.xml -> /home/user/ros2_ws/src/TechSimApiROS/install/computer_vision_functionality/share/computer_vision_functionality
[0.873s] copying launch/lidar.launch.py -> /home/user/ros2_ws/src/TechSimApiROS/install/computer_vision_functionality/share/computer_vision_functionality
[0.874s] copying launch/vision.launch.py -> /home/user/ros2_ws/src/TechSimApiROS/install/computer_vision_functionality/share/computer_vision_functionality
[0.874s] running install_egg_info
[0.876s] removing '/home/user/ros2_ws/src/TechSimApiROS/install/computer_vision_functionality/lib/python3.10/site-packages/computer_vision_functionality-0.0.0-py3.10.egg-info' (and everything under it)
[0.876s] Copying build/computer_vision_functionality/computer_vision_functionality.egg-info to /home/user/ros2_ws/src/TechSimApiROS/install/computer_vision_functionality/lib/python3.10/site-packages/computer_vision_functionality-0.0.0-py3.10.egg-info
[0.878s] running install_scripts
[0.893s] Installing get_image_from_sim_node script to /home/user/ros2_ws/src/TechSimApiROS/install/computer_vision_functionality/lib/computer_vision_functionality
[0.893s] Installing read_lidar_point_cloud_node script to /home/user/ros2_ws/src/TechSimApiROS/install/computer_vision_functionality/lib/computer_vision_functionality
[0.893s] Installing recognition_of_aruco_marker_node script to /home/user/ros2_ws/src/TechSimApiROS/install/computer_vision_functionality/lib/computer_vision_functionality
[0.894s] writing list of installed files to '/home/user/ros2_ws/src/TechSimApiROS/build/computer_vision_functionality/install.log'
[0.922s] Invoked command in '/home/user/ros2_ws/src/TechSimApiROS' returned '0': PYTHONPATH=/home/user/ros2_ws/src/TechSimApiROS/build/computer_vision_functionality/prefix_override:/usr/lib/python3/dist-packages/colcon_core/task/python/colcon_distutils_commands:/home/user/ros2_ws/src/TechSimApiROS/install/computer_vision_functionality/lib/python3.10/site-packages:${PYTHONPATH} /usr/bin/python3 -W ignore:setup.py install is deprecated setup.py egg_info --egg-base build/computer_vision_functionality build --build-base /home/user/ros2_ws/src/TechSimApiROS/build/computer_vision_functionality/build install --record /home/user/ros2_ws/src/TechSimApiROS/build/computer_vision_functionality/install.log --single-version-externally-managed install_data
