[0.740s] Invoking command in '/home/user/ros2_ws/src/TechSimApiROS': PYTHONPATH=/home/user/ros2_ws/src/TechSimApiROS/build/computer_vision_functionality/prefix_override:/usr/lib/python3/dist-packages/colcon_core/task/python/colcon_distutils_commands:/home/user/ros2_ws/src/TechSimApiROS/install/computer_vision_functionality/lib/python3.10/site-packages:${PYTHONPATH} /usr/bin/python3 -W ignore:setup.py install is deprecated setup.py egg_info --egg-base build/computer_vision_functionality build --build-base /home/user/ros2_ws/src/TechSimApiROS/build/computer_vision_functionality/build install --record /home/user/ros2_ws/src/TechSimApiROS/build/computer_vision_functionality/install.log --single-version-externally-managed install_data
[0.959s] running egg_info
[0.959s] writing build/computer_vision_functionality/computer_vision_functionality.egg-info/PKG-INFO
[0.960s] writing dependency_links to build/computer_vision_functionality/computer_vision_functionality.egg-info/dependency_links.txt
[0.960s] writing entry points to build/computer_vision_functionality/computer_vision_functionality.egg-info/entry_points.txt
[0.961s] writing requirements to build/computer_vision_functionality/computer_vision_functionality.egg-info/requires.txt
[0.961s] writing top-level names to build/computer_vision_functionality/computer_vision_functionality.egg-info/top_level.txt
[0.964s] reading manifest file 'build/computer_vision_functionality/computer_vision_functionality.egg-info/SOURCES.txt'
[0.965s] writing manifest file 'build/computer_vision_functionality/computer_vision_functionality.egg-info/SOURCES.txt'
[0.965s] running build
[0.965s] running build_py
[0.965s] copying computer_vision_functionality/get_image_from_sim_node.py -> /home/user/ros2_ws/src/TechSimApiROS/build/computer_vision_functionality/build/lib/computer_vision_functionality
[0.965s] copying computer_vision_functionality/agrotechsimapi/client.py -> /home/user/ros2_ws/src/TechSimApiROS/build/computer_vision_functionality/build/lib/computer_vision_functionality/agrotechsimapi
[0.966s] running install
[0.966s] running install_lib
[0.967s] copying /home/user/ros2_ws/src/TechSimApiROS/build/computer_vision_functionality/build/lib/computer_vision_functionality/get_image_from_sim_node.py -> /home/user/ros2_ws/src/TechSimApiROS/install/computer_vision_functionality/lib/python3.10/site-packages/computer_vision_functionality
[0.967s] copying /home/user/ros2_ws/src/TechSimApiROS/build/computer_vision_functionality/build/lib/computer_vision_functionality/agrotechsimapi/client.py -> /home/user/ros2_ws/src/TechSimApiROS/install/computer_vision_functionality/lib/python3.10/site-packages/computer_vision_functionality/agrotechsimapi
[0.968s] byte-compiling /home/user/ros2_ws/src/TechSimApiROS/install/computer_vision_functionality/lib/python3.10/site-packages/computer_vision_functionality/get_point_cloud_by_lidar_from_sim_node.py to get_point_cloud_by_lidar_from_sim_node.cpython-310.pyc
[0.970s] byte-compiling /home/user/ros2_ws/src/TechSimApiROS/install/computer_vision_functionality/lib/python3.10/site-packages/computer_vision_functionality/get_image_from_sim_node.py to get_image_from_sim_node.cpython-310.pyc
[0.970s] byte-compiling /home/user/ros2_ws/src/TechSimApiROS/install/computer_vision_functionality/lib/python3.10/site-packages/computer_vision_functionality/agrotechsimapi/_version.py to _version.cpython-310.pyc
[0.971s] byte-compiling /home/user/ros2_ws/src/TechSimApiROS/install/computer_vision_functionality/lib/python3.10/site-packages/computer_vision_functionality/agrotechsimapi/__init__.py to __init__.cpython-310.pyc
[0.972s] byte-compiling /home/user/ros2_ws/src/TechSimApiROS/install/computer_vision_functionality/lib/python3.10/site-packages/computer_vision_functionality/agrotechsimapi/signal_utils.py to signal_utils.cpython-310.pyc
[0.972s] byte-compiling /home/user/ros2_ws/src/TechSimApiROS/install/computer_vision_functionality/lib/python3.10/site-packages/computer_vision_functionality/agrotechsimapi/client.py to client.cpython-310.pyc
[0.972s] Sorry: IndentationError: unexpected indent (client.py, line 35)
[0.973s] running install_data
[0.973s] running install_egg_info
[0.975s] removing '/home/user/ros2_ws/src/TechSimApiROS/install/computer_vision_functionality/lib/python3.10/site-packages/computer_vision_functionality-0.0.0-py3.10.egg-info' (and everything under it)
[0.976s] Copying build/computer_vision_functionality/computer_vision_functionality.egg-info to /home/user/ros2_ws/src/TechSimApiROS/install/computer_vision_functionality/lib/python3.10/site-packages/computer_vision_functionality-0.0.0-py3.10.egg-info
[0.977s] running install_scripts
[0.994s] Installing get_image_from_sim_node script to /home/user/ros2_ws/src/TechSimApiROS/install/computer_vision_functionality/lib/computer_vision_functionality
[0.994s] Installing read_lidar_point_cloud_node script to /home/user/ros2_ws/src/TechSimApiROS/install/computer_vision_functionality/lib/computer_vision_functionality
[0.995s] Installing recognition_of_aruco_marker_node script to /home/user/ros2_ws/src/TechSimApiROS/install/computer_vision_functionality/lib/computer_vision_functionality
[0.995s] writing list of installed files to '/home/user/ros2_ws/src/TechSimApiROS/build/computer_vision_functionality/install.log'
[1.039s] Invoked command in '/home/user/ros2_ws/src/TechSimApiROS' returned '0': PYTHONPATH=/home/user/ros2_ws/src/TechSimApiROS/build/computer_vision_functionality/prefix_override:/usr/lib/python3/dist-packages/colcon_core/task/python/colcon_distutils_commands:/home/user/ros2_ws/src/TechSimApiROS/install/computer_vision_functionality/lib/python3.10/site-packages:${PYTHONPATH} /usr/bin/python3 -W ignore:setup.py install is deprecated setup.py egg_info --egg-base build/computer_vision_functionality build --build-base /home/user/ros2_ws/src/TechSimApiROS/build/computer_vision_functionality/build install --record /home/user/ros2_ws/src/TechSimApiROS/build/computer_vision_functionality/install.log --single-version-externally-managed install_data
