running egg_info
writing build/computer_vision_functionality/computer_vision_functionality.egg-info/PKG-INFO
writing dependency_links to build/computer_vision_functionality/computer_vision_functionality.egg-info/dependency_links.txt
writing entry points to build/computer_vision_functionality/computer_vision_functionality.egg-info/entry_points.txt
writing requirements to build/computer_vision_functionality/computer_vision_functionality.egg-info/requires.txt
writing top-level names to build/computer_vision_functionality/computer_vision_functionality.egg-info/top_level.txt
reading manifest file 'build/computer_vision_functionality/computer_vision_functionality.egg-info/SOURCES.txt'
writing manifest file 'build/computer_vision_functionality/computer_vision_functionality.egg-info/SOURCES.txt'
running build
running build_py
running install
running install_lib
byte-compiling /home/user/ros2_ws/src/TechSimApiROS/install/computer_vision_functionality/lib/python3.10/site-packages/computer_vision_functionality/agrotechsimapi/client.py to client.cpython-310.pyc
running install_data
running install_egg_info
removing '/home/user/ros2_ws/src/TechSimApiROS/install/computer_vision_functionality/lib/python3.10/site-packages/computer_vision_functionality-0.0.0-py3.10.egg-info' (and everything under it)
Copying build/computer_vision_functionality/computer_vision_functionality.egg-info to /home/user/ros2_ws/src/TechSimApiROS/install/computer_vision_functionality/lib/python3.10/site-packages/computer_vision_functionality-0.0.0-py3.10.egg-info
running install_scripts
Installing get_image_from_sim_node script to /home/user/ros2_ws/src/TechSimApiROS/install/computer_vision_functionality/lib/computer_vision_functionality
Installing read_lidar_point_cloud_node script to /home/user/ros2_ws/src/TechSimApiROS/install/computer_vision_functionality/lib/computer_vision_functionality
Installing recognition_of_aruco_marker_node script to /home/user/ros2_ws/src/TechSimApiROS/install/computer_vision_functionality/lib/computer_vision_functionality
writing list of installed files to '/home/user/ros2_ws/src/TechSimApiROS/build/computer_vision_functionality/install.log'
